
> tbct-protocol-studio@0.1.0 dev
> next dev --port 3004

   ▲ Next.js 15.5.22
   - Local:        http://localhost:3004
   - Network:      http://192.168.219.103:3004

 ✓ Starting...
node:events:502
      throw er; // Unhandled 'error' event
      ^

Error: EPERM: operation not permitted, open 'C:\Users\82108\Desktop\TCBT\.next\trace'
Emitted 'error' event on WriteStream instance at:
    at emitErrorNT (node:internal/streams/destroy:169:8)
    at emitErrorCloseNT (node:internal/streams/destroy:128:3)
    at process.processTicksAndRejections (node:internal/process/task_queues:82:21) {
  errno: -4048,
  code: 'EPERM',
  syscall: 'open',
  path: 'C:\\Users\\82108\\Desktop\\TCBT\\.next\\trace'
}

Node.js v20.19.0
node:events:502
      throw er; // Unhandled 'error' event
      ^

Error: EPERM: operation not permitted, open 'C:\Users\82108\Desktop\TCBT\.next\trace'
Emitted 'error' event on WriteStream instance at:
    at emitErrorNT (node:internal/streams/destroy:169:8)
    at emitErrorCloseNT (node:internal/streams/destroy:128:3)
    at process.processTicksAndRejections (node:internal/process/task_queues:82:21) {
  errno: -4048,
  code: 'EPERM',
  syscall: 'open',
  path: 'C:\\Users\\82108\\Desktop\\TCBT\\.next\\trace'
}

Node.js v20.19.0
